// Jest Snapshot v1, https://goo.gl/fbAQLP

exports[`interfaceType can be implemented by object types 1`] = `
Array [
  "/Users/tgriesser/Github/oss/nexus/nexus/tests/interfaceTypeTest.graphql",
  "### This file was autogenerated by GraphQL Nexus
### Do not make changes to this file directly


interface Node {
  id: ID!
}

type Query {
  user: User!
}

type User implements Node {
  id: ID!
  name: String!
}
",
]
`;

exports[`interfaceType can be implemented by object types 2`] = `
Object {
  "data": Object {
    "user": Object {
      "id": "User:1",
      "name": "Test User",
    },
  },
}
`;
