// Jest Snapshot v1, https://goo.gl/fbAQLP

exports[`unionType unionType 1`] = `
Array [
  "/Users/tgriesser/Github/oss/nexus/nexus/tests/unionTypeTest.graphql",
  "### This file was autogenerated by GraphQL Nexus
### Do not make changes to this file directly


type DeletedUser {
  message: String!
}

type Query {
  deletedUserTest: UserOrError!
  userTest: UserOrError!
}

type User {
  id: Int!
  name: String!
}

union UserOrError = DeletedUser | User
",
]
`;

exports[`unionType unionType 2`] = `
Object {
  "data": Object {
    "deletedUserTest": Object {
      "__typename": "DeletedUser",
      "message": "This user 1 was deleted",
    },
    "userTest": Object {
      "__typename": "User",
      "id": 1,
      "name": "Test User",
    },
  },
}
`;
